// Jest Snapshot v1, https://goo.gl/fbAQLP

exports[`Renders Main components Render component Main 1`] = `[Function]`;
